'M E N S A \nG R C O D \nH V B F I \nK L P Q T \nU W X Y Z \n'
